[    0.000000] Initializing cgroup subsys cpuset
[    0.000000] Initializing cgroup subsys cpu
[    0.000000] Initializing cgroup subsys cpuacct
[    0.000000] Linux version 4.4.0-139-generic (buildd@lcy01-amd64-006) (gcc version 5.4.0 20160609 (Ubuntu 5.4.0-6ubuntu1~16.04.10) ) #165-Ubuntu SMP Wed Oct 24 10:58:50 UTC 2018 (Ubuntu 4.4.0-139.165-generic 4.4.160)
[    0.000000] Command line: BOOT_IMAGE=/boot/vmlinuz-4.4.0-139-generic root=LABEL=cloudimg-rootfs ro console=tty1 console=ttyS0
[    0.000000] KERNEL supported cpus:
[    0.000000]   Intel GenuineIntel
[    0.000000]   AMD AuthenticAMD
[    0.000000]   Centaur CentaurHauls
[    0.000000] x86/fpu: Legacy x87 FPU detected.
[    0.000000] e820: BIOS-provided physical RAM map:
[    0.000000] BIOS-e820: [mem 0x0000000000000000-0x000000000009fbff] usable
[    0.000000] BIOS-e820: [mem 0x000000000009fc00-0x000000000009ffff] reserved
[    0.000000] BIOS-e820: [mem 0x00000000000f0000-0x00000000000fffff] reserved
[    0.000000] BIOS-e820: [mem 0x0000000000100000-0x000000003ffeffff] usable
[    0.000000] BIOS-e820: [mem 0x000000003fff0000-0x000000003fffffff] ACPI data
[    0.000000] BIOS-e820: [mem 0x00000000fec00000-0x00000000fec00fff] reserved
[    0.000000] BIOS-e820: [mem 0x00000000fee00000-0x00000000fee00fff] reserved
[    0.000000] BIOS-e820: [mem 0x00000000fffc0000-0x00000000ffffffff] reserved
[    0.000000] NX (Execute Disable) protection: active
[    0.000000] SMBIOS 2.5 present.
[    0.000000] Hypervisor detected: KVM
[    0.000000] Kernel/User page tables isolation: disabled
[    0.000000] AGP: No AGP bridge found
[    0.000000] e820: last_pfn = 0x3fff0 max_arch_pfn = 0x400000000
[    0.000000] MTRR: Disabled
[    0.000000] x86/PAT: MTRRs disabled, skipping PAT initialization too.
[    0.000000] CPU MTRRs all blank - virtualized system.
[    0.000000] x86/PAT: Configuration [0-7]: WB  WT  UC- UC  WB  WT  UC- UC  
[    0.000000] found SMP MP-table at [mem 0x0009fff0-0x0009ffff] mapped at [ffff88000009fff0]
[    0.000000] Scanning 1 areas for low memory corruption
[    0.000000] RAMDISK: [mem 0x3630a000-0x3717cfff]
[    0.000000] ACPI: Early table checksum verification disabled
[    0.000000] ACPI: RSDP 0x00000000000E0000 000024 (v02 VBOX  )
[    0.000000] ACPI: XSDT 0x000000003FFF0030 00003C (v01 VBOX   VBOXXSDT 00000001 ASL  00000061)
[    0.000000] ACPI: FACP 0x000000003FFF00F0 0000F4 (v04 VBOX   VBOXFACP 00000001 ASL  00000061)
[    0.000000] ACPI: DSDT 0x000000003FFF0470 0021FF (v02 VBOX   VBOXBIOS 00000002 INTL 20100528)
[    0.000000] ACPI: FAC 0x000000003FFF0200 000040
[    0.000000] ACPI: FACS 0x00000003FFF0200 000040
[    0.0000] ACPI: APIC 0x000000003FFF0240 00005C (v02 VBOX   VBOXAPIC 00000001 ASL  00000061)
[    0.000000] ACPI: SSDT 0x000000003FFF02A0 0001CC (v01 VBOX   VBOXCPUT 00000002 INTL 20100528)
[    0.000000] No NUMA configuration found
[    0.000000] Faking a node at [mem 0x0000000000000000-0x000000003ffeffff]
[    0.000000] NODE_DATA(0) allocated [mem 0x3ffeb000-0x3ffeffff]
[    0.000000] kvm-clock: Using msrs 4b564d01 and 4b564d00
[    0.000000] kvm-clock: cpu 0, msr 0:3ffe3001, primary cpu clock
[    0.000000] kvm-clock: using sched offset of 12972488756 cycles
[    0.000000] clocksource: kvm-clock: mask: 0xffffffffffffffff max_cycles: 0x1cd42e4dffb, max_idle_ns: 881590591483 ns
[    0.000000] Zone ranges:
[    0.000000]   DMA      [mem 0x0000000000001000-0x0000000000ffffff]
[    0.000000]   DMA32    [mem 0x0000000001000000-0x000000003ffeffff]
[    0.000000]   Normal   empty
[    0.000000]   Device   empty
[    0.000000] Movable zone start for each node
[    0.000000] Early memory node ranges
[    0.000000]   node   0: [mem 0x0000000000001000-0x000000000009efff]
[    0.000000]   node   0: [mem 0x0000000000100000-0x000000003ffeffff]
[    0.000000] Initmem setup node 0 [mem 0x0000000000001000-0x000000003ffeffff]
[    0.000000] ACPI: PM-Timer IO Port: 0x4008
[    0.000000] IOAPIC[0]: apic_id 2, version 32, address 0xfec00000, GSI 0-23
[    0.000000] ACPI: INT_SRC_OVR (bus 0 bus_irq 0 global_irq 2 dfl dfl)
[    0.000000] ACPI: INT_SRC_OVR (bus 0 bus_irq 9 global_irq 9 low level)
[    0.000000] Using ACPI (MADT) for SMP configuration information
[    0.000000] smpboot: Allowing 2 CPUs, 0 hotplug CPUs
[    0.000000] PM: Registered nosave memory: [mem 0x00000000-0x00000fff]
[    0.000000] PM: Registered nosave memory: [mem 0x0009f000-0x0009ffff]
[    0.000000] PM: Registered nosave memory: [mem 0x000a0000-0x000effff]
[    0.000000] PM: Registered nosave memory: [mem 0x000f0000-0x000fffff]
[    0.000000] e820: [mem 0x40000000-0xfebfffff] available for PCI devices
[    0.000000] Booting paravirtualized kernel on KVM
[    0.000000] clocksource: refined-jiffies: mask: 0xffffffff max_cycles: 0xffffffff,ma_idle_ns: 7645519600211568 ns
[    0.000000] setup_percpu: NR_CPUS:52 nr_cpumask_bits:512 nr_cpu_ids:2 nr_node_ids:1
[    0.000000] PERCPU: Embedded 34 pages/cpu @ffff88003fc00000 s99608 r8192 d31464 u1048576
[    0.000000] PV qpinlock ash table entries: 256 (order: 0, 4096 bytes)
[    0.000000] Built 1 zonelists in Node order, mobility grouping on.  Total pages: 257912
[    0.000000] Policy zone: DMA32
[    0.000000] Kernel command line: BOOT_IMAGE=/boot/vmlinuz-4.4.0-139-generic root==LABEL=cloudimg-rootfs ro console=tty1 console=ttyS0
[    0.000000] PID hash table entries: 4096 (order: 3, 32768 bytes)
[    0.000000] AGP: Checking aperture...
[    0.000000] AGP: No AGP bridge found
[    0.000000] Memory: 997708K/1048120K available (8564K kernel code, 1314K rwdata, 4004K rodata, 1528K init, 1316K bss, 50412K reserved, 0K cma-reserved)
[    0.000000] SLUB: HWalign=64, Order=0-3, MinObjects=0, CPUs=2, Nodes=1
[    0.000000] Hierarchical RCU implementation.
[    0.000000] 	Build-time adjustment of leaf fanout to 6.
[    0.000000] 	RCU restricting CPUs from NR_CPUS=512 to nr_cpu_ids=2.
[    0.000000] RCU: Adjusting geometry for rcu_fanout_leaf=64, nr_cpu_ids=2
[    0.000000] NR_IRQS:33024 nr_irqs:440 16
[    0.000000] Console: colour VGA+ 80x25
[    0.000000] console [tty1] enabled
[    0.000000] console [ttyS0] enabled
[    0.000000] tsc: Detected 3214.618 MHz processor
[    0.000000] tsc: Marking TSC unstable due to TSCs unsynchronized
[    0.004000] Calibrating delay loop (skipped) preset value.. 6429.23 BogoMIPS (lpj=12858472)
[    .004000] pid_max: default: 32768 minimum: 301
[    0.004000] ACPI: Core revision 20150930
[    0.004000] ACPI: 2 ACPI AML tables successfully acquired and loaded
[    0.004369] Security Framework initialized
[    0.005352] Yama: becoming mindful.
[    0.006268] AppArmor: AppArmor initialized
[    0.008085] Dentry cache hash table entries: 131072 (order: 8, 1048576 bytes)
[    0.009944] Inode-cache hash table entries: 65536 (order: 7, 524288 bytes)
[    0.020058] Mount-cache hash table entries: 2048 (order: 2, 16384 bytes)
[    0.021578] Mountpoint-cache hash table entries: 2048 (order: 2, 16384 bytes)
[    0.023370] Initializing cgroup subsys io
[    0.024008] Initializing cgroup subsys memory
[    0.025746] Initializing cgroup subsys devices
[    0.026820] Initializing cgroup subsys freezer
[    0.028007] Initializing cgroup subsys net_cls
[    0.029067] Initializing cgroup subsys perf_event
[    0.030138] Initializing cgroup subsys net_prio
[    0.032009] Initializing cgroup subsys hugetlb
[    0.033093] Initializing cgroup subsys pids
[    0.034169] Disabling Indirect Branch Predictor Support
[    0.036010] mce: CPU supports 0 MCE banks
[    0.040020] process: using AMD E400 aware idle routine
[    0.044010] Last level iTLB entries: 4KB 512, 2MB 16, 4MB 8
[    0.045249] Last level dTLB entries: 4KB 512, 2MB 128, 4MB 64, 1GB 0
[    0.048006] Spectre V2 : Spectre mitigation: LFENCE not serializing. Switching to generic retpoline
[    0.052004] Spectre V2 : Mitigation: Full generic retpoline
[    0.053249] Spectre V2 : Spectre v2 mitigation: Speculation control IBPB not-supported IBRS not-supported
[    0.056004] Spectre V2 : Spectre v2 / SpectreRSB mitigation: Filling RSB on context switch
[    0.061891] Freeing SMP alternatives memory: 32K
[    0.074357] ftrace: allocating 32278 entries in 127 pages
[    0.096203] smpboot: APIC(0) Converting physical 0 to logical package 0
[    0.097774] smpboot: Max logical packages: 1
[    0.100344] x2apic enabled
[    0.101426] Switched APIC routing to physical x2apic.
[    0.103879] ..TIMER: vector=0x30 apic1=0 pin1=2 apic2=-1 pin2=-1
[    0.108000] smpboot: CPU0: AMD Phenom(tm) II X4 955 Processor (family: 0x10, model: 0x4, stepping: 0x3)
[    0.108000] Performance Events: Broken PMU hardware detected, using software events only.
[    0.108007] Failed to access perfctr msr (MSR c0010007 is 0)
[    0.109438] KVM setup paravirtual spinlock
[    0.111253] x86: Booting SMP configuration:
[    0.112003] .... node  #0, CPUs:      #1
[    0.004000] kvm-clock: cpu 1, msr 0:3ffe3041, secondary cpu clock
[    0.004000] mce: CPU supports 0 MCE banks
[    0.116085] x86: Booted up 1 node, 2 CPUs
[    0.117319] smpboot: Total of 2 processors activated (12858.47 BogoMIPS)
[    0.119077] devtmpfs: initialized
[    0.120407] evm: security.selinux
[    0.122418] evm: security.SMACK64
[    0.123485] evm: security.SMACK64EXEC
[    0.128004] evm: security.SMACK64TRANSMUTE
[    0.129009] evm: security.SMACK64MMAP
[    0.130273] evm: security.ima
[    0.131081] evm: security.capability
[    0.136000] clocksource: jiffies: mask: 0xffffffff max_cycles: 0xffffffff, max_idle_ns: 7645041785100000 ns
[    0.136023] futex hash table entries: 512 (order: 3, 32768 bytes)
[    0.140102] pinctrl core: initialized pinctrl subsystem
[    0.141925] RTC time: 15:41:24, date: 12/02/18
[    0.144284] NET: Registered protocol family 16
[    0.152020] cpuidle: using governor ladder
[    0.168020] cpuidle: using governor menu
[    0.169222] PCCT header not found.
[    0.170517] ACPI: bus type PCI registered
[    0.171494] acpiphp: ACPI Hot Plug PCI Controller Driver version: 0.5
[    0.176126] PCI: Using configuration type 1 for base access
[    0.177378] PCI: Using configuration type 1 for extended access
[    0.192158] ACPI: Added _OSI(Module Device)
[    0.193201] ACPI: Added _OSI(Processor Device)
[    0.194265] ACPI: Added _OSI(3.0 _SCP Extensions)
[    0.196014] ACPI: Added _OSI(Processor Aggregator Device)
[    0.198010] ACPI: Executed 1 blocks of module-level executable AML code
[    0.201758] ACPI: Interpreter enabled
[    0.202728] ACPI: (supports S0 S5)
[    0.203596] ACPI: Using IOAPIC for interrupt routing
[    0.204164] PCI: Using host bridge windows from ACPI; if necessary, use "pci=nocrs" and report a bug
[    0.211668] ACPI: PCI Root Bridge [PCI0] (domain 0000 [bus 00-ff])
[    0.212014] acpi PNP0A03:00: _OSC: OS supports [ExtendedConfig ASPM ClockPM Segments MSI]
[    0.214036] acpi PNP0A03:00: _OSC: OS now controls [PCIeHotplug PME AER PCIeCapability]
[    0.216341] PCI host bridge to bus 0000:00
[    0.217424] pci_bus 0000:00: root bus resource [io  0x0000-0x0cf7 window]
[    0.220007] pci_bus 0000:00: root bus resource [io  0x0d00-0xffff window]
[    0.221609] pci_bus 0000:00: root bus resource [mem 0x000a0000-0x000bffff window]
[    0.224007] pci_bus 0000:00: root bus resource [mem 0x40000000-0xfdffffff window]
[    0.226022] pci_bus 0000:00: root bus resource [bus 00-ff]
[    0.229398] pci 0000:00:01.1: legacy IDE quirk: reg 0x10: [io  0x01f0-0x01f7]
[    0.231330] pci 0000:00:01.1: legacy IDE quirk: reg 0x14: [io  0x03f6]
[    0.232011] pci 0000:00:01.1: legacy IDE quirk: reg 0x18: [io  0x0170-0x0177]
[    0.236009] pci 0000:00:01.1: legacy IDE quirk: reg 0x1c: [io  0x0376]
[    0.261181] pci 0000:00:07.0: quirk: [io  0x4000-0x403f] claimed by PIIX4 ACPI
[    0.264014] pci 0000:00:07.0: quirk: [io  0x4100-0x410f] claimed by PIIX4 SMB
[    0.282031] ACPI: PCI Interrupt Link [LNKA] (IRQs 5 9 10 *11)
[    0.284636] ACPI: PCI Interrupt Link [LNKB] (IRQs 5 9 *10 11)
[    0.286635] ACPI: PCI Interrupt Link [LNKC] (IRQs 5 *9 10 11)
[    0.289072] ACPI: PCI Interrupt Link [LNKD] (IRQs 5 9 10 *11)
[    0.293048] ACPI: Enabled 2 GPEs in block 00 to 07
[    0.296185] vgaarb: setting as boot device: PCI:0000:00:02.0
[    0.297428] vgaarb: device added: PCI:0000:00:02.0,decodes=io+mem,owns=io+mem,locks=none
[    0.300007] vgaarb: loaded
[    0.300765] vgaarb: bridge control possible 0000:00:02.0
[    0.302169] SCSI subsystem initialized
[    0.303204] ACPI: bus type USB registered
[    0.304019] usbcore: registered new interface driver usbfs
[    0.305226] usbcore: registered new interface driver hub
[    0.306429] usbcore: registered new device driver usb
[    0.308109] PCI: Using ACPI for IRQ routing
[    0.309322] NetLabel: Initializing
[    0.310197] NetLabel:  domain hash size = 128
[    0.311249] NetLabel:  protocols = UNLABELED CIPSOv4
[    0.312019] NetLabel:  unlabeled traffic allowed by default
[    0.313752] amd_nb: Cannot enumerate AMD northbridges
[    0.316008] clocksource: Switched to clocksource kvm-clock
[    0.337387] AppArmor: AppArmor Filesystem Enabled
[    0.338613] pnp: PnP ACPI init
[    0.340249] pnp: PnP ACPI: found 3 devices
[    0.351026] clocksource: acpi_pm: mask: 0xffffff max_cycles: 0xffffff, max_idle_ns: 2085701024 ns
[    0.352620] NET: Registered protocol family 2
[    0.354365] TCP established hash table entries: 8192 (order: 4, 65536 bytes)
[    0.356176] TCP bind hash table entries: 8192 (order: 5, 131072 bytes)
[    0.357657] TCP: Hash tables configured (established 8192 bind 8192)
[    0.359096] UDP hash table entries: 512 (order: 2, 16384 bytes)
[    0.360139] UDP-Lite hash table entries: 512 (order: 2, 16384 bytes)
[    0.360139] NET: Registered protocol family 1
[    0.360139] pci 0000:00:00.0: Limiting direct PCI/PCI transfers
[    0.360139] pci 0000:00:01.0: Activating ISA DMA hang workarounds
[    0.360139] Unpacking initramfs...
[    0.713481] Freeing initrd memory: 14796K
[    0.714624] clocksource: tsc: mask: 0xffffffffffffffff max_cycles: 0x2e563ae8da5, max_idle_ns: 440795251712 ns
[    0.720446] platform rtc_cmos: registered platform RTC device (no PNP device found)
[    0.720480] Scanning for low memory corruption every 60 seconds
[    0.720760] audit: initializing netlink subsys (disabled)
[    0.720776] audit: type=2000 audit(1543765298.925:1): initialized
[    0.721034] Initialise system trusted keyring
[    0.721141] HugeTLB registered 2 MB page size, pre-allocated 0 pages
[    0.722584] zbud: loaded
[    0.722886] VFS: Disk quotas dquot_6.6.0
[    0.722916] VFS: Dquot-cache hash table entries: 512 (order 0, 4096 bytes)
[    0.723153] squashfs: version 4.0 (2009/01/31) Phillip Lougher
[    0.723386] fuse init (API version 7.23)
[    0.723503] Key type big_key registered
[    0.723517] Allocating IMA MOK and blacklist keyrings.
[    0.723879] Key type asymmetric registered
[    0.723881] Asymmetric key parser 'x509' registered
[    0.723920] Block layer SCSI generic (bsg) driver version 0.4 loaded (major 249)
[    0.723968] io scheduler noop registered
[    0.723970] io scheduler deadline registered (default)
[    0.724000] io scheduler cfq registered
[    0.724098] pci_hotplug: PCI Hot Plug PCI Core version: 0.5
[    0.724103] pciehp: PCI Express Hot Plug Controller Driver version: 0.4
[    0.730852] ACPI: AC Adapter [AC] (on-line)
[    0.730922] input: Power Button as /devices/LNXSYSTM:00/LNXPWRBN:00/input/input0
[    0.730925] ACPI: Power Button [PWRF]
[    0.730999] input: Sleep Button as /devices/LNXSYSTM:00/LNXSLPBN:00/input/input1
[    0.731000] ACPI: Sleep Button [SLPF]
[    0.731185] GHES: HEST is not enabled!
[    0.731281] Serial: 8250/16550 driver, 32 ports, IRQ sharing enabled
[    0.756754] 00:02: ttyS0 at I/O 0x3f8 (irq = 4, base_baud = 115200) is a 16550A
[    0.771801] Linux agpgart interface v0.103
[    0.773627] loop: module loaded
[    0.774240] scsi host0: ata_piix
[    0.774305] scsi host1: ata_piix
[    0.774336] ata1: PATA max UDMA/33 cmd 0x1f0 ctl 0x3f6 bmdma 0xd000 irq 14
[    0.774337] ata2: PATA max UDMA/33 cmd 0x170 ctl 0x376 bmdma 0xd008 irq 15
[    0.774410] libphy: Fixed MDIO Bus: probed
[    0.774412] tun: Universal TUN/TAP device driver, 1.6
[    0.774412] tun: (C) 1999-2004 Max Krasnyansky <maxk@qualcomm.com>
[    0.774449] PPP generic driver version 2.4.2
[    0.774499] ehci_hcd: USB 2.0 'Enhanced' Host Controller (EHCI) Driver
[    0.774502] ehci-pci: EHCI PCI platform driver
[    0.774511] ehci-platform: EHCI generic platform driver
[    0.774535] ohci_hcd: USB 1.1 'Open' Host Controller (OHCI) Driver
[    0.774538] ohci-pci: OHCI PCI platform driver
[    0.774547] ohci-platform: OHCI generic platform driver
[    0.774555] uhci_hcd: USB Universal Host Controller Interface driver
[    0.774607] i8042: PNP: PS/2 Controller [PNP0303:PS2K,PNP0f03:PS2M] at 0x60,0x64 irq 1,12
[    0.775135] serio: i8042 KBD port at 0x60,0x64 irq 1
[    0.775139] serio: i8042 AUX port at 0x60,0x64 irq 12
[    0.775240] mousedev: PS/2 mouse device common for all mice
[    0.775573] input: AT Translated Set 2 keyboard as /devices/platform/i8042/serio0/input/input2
[    0.775923] rtc_cmos rtc_cmos: rtc core: registered rtc_cmos as rtc0
[    0.775992] rtc_cmos rtc_cmos: alarms up to one day, 114 bytes nvram
[    0.775998] i2c /dev entries driver
[    0.776046] device-mapper: uevent: version 1.0.3
[    0.776130] device-mapper: ioctl: 4.34.0-ioctl (2015-10-28) initialised: dm-devel@redhat.com
[    0.776147] ledtrig-cpu: registered to indicate activity on CPUs
[    0.776427] NET: Registered protocol family 10
[    0.776593] NET: Registered protocol family 17
[    0.776603] Key type dns_resolver registered
[    0.776827] registered taskstats version 1
[    0.776838] Loading compiled-in X.509 certificates
[    0.777789] Loaded X.509 cert 'Build time autogenerated kernel key: a88b0f663ecfd40e6a501dee2f0b211d51902e35'
[    0.777809] zswap: loaded using pool lzo/zbud
[    0.779997] Key type trusted registered
[    0.782426] Key type encrypted registered
[    0.782431] AppArmor: AppArmor sha1 policy hashing enabled
[    0.782434] ima: No TPM chip found, activating TPM-bypass!
[    0.782439] ima: Allocated hash algorithm: sha1
[    0.782457] evm: HMAC attrs: 0x1
[    0.782877]   Magic number: 14:908:688
[    0.789210] rtc_cmos rtc_cmos: setting system clock to 2018-12-02 15:41:25 UTC (1543765285)
[    0.789316] BIOS EDD facility v0.16 2004-Jun-25, 0 devices found
[    0.789317] EDD information not available.
[    0.957800] Freeing unused kernel memory: 1528K
[    0.960109] Write protecting the kernel read-only data: 14336k
[    0.962269] Freeing unused kernel memory: 1664K
[    0.963699] Freeing unused kernel memory: 92K
Loading, please wait...
starting version 229
[    0.979226] random: systemd-udevd: uninitialized urandom read (16 bytes read, 2 bits of entropy available)
[    0.980044] random: udevadm: uninitialized urandom read (16 bytes read, 2 bits of entropy available)
[    0.980065] random: udevadm: uninitialized urandom read (16 bytes read, 2 bits of entropy available)
[    0.991268] random: udevadm: uninitialized urandom read (16 bytes read, 2 bits of entropy available)
[    0.991352] random: udevadm: uninitialized urandom read (16 bytes read, 2 bits of entropy available)
[    0.991492] random: udevadm: uninitialized urandom read (16 bytes read, 2 bits of entropy available)
[    0.991543] random: udevadm: uninitialized urandom read (16 bytes read, 2 bits of entropy available)
[    0.991592] random: udevadm: uninitialized urandom read (16 bytes read, 2 bits of entropy available)
[    0.991644] random: udevadm: uninitialized urandom read (16 bytes read, 2 bits of entropy available)
[    0.991691] random: udevadm: uninitialized urandom read (16 bytes read, 2 bits of entropy available)
[    1.050846] e1000: Intel(R) PRO/1000 Network Driver - version 7.3.21-k8-NAPI
[    1.058900] e1000: Copyright (c) 1999-2006 Intel Corporation.
[    1.087268] Fusion MPT base driver 3.04.20
[    1.088121] Copyright (c) 1999-2008 LSI Corporation
[    1.095238] Fusion MPT SPI Host driver 3.04.20
[    1.425113] input: ImExPS/2 Generic Explorer Mouse as /devices/platform/i8042/serio1/input/input4
[    1.454616] e1000 0000:00:03.0 eth0: (PCI:33MHz:32-bit) 02:98:04:f8:6e:63
[    1.456238] e1000 0000:00:03.0 eth0: Intel(R) PRO/1000 Network Connection
[    1.837249] e1000 0000:00:08.0 eth1: (PCI:33MHz:32-bit) 08:00:27:2f:a4:5a
[    1.838732] e1000 0000:00:08.0 eth1: Intel(R) PRO/1000 Network Connection
[    1.841814] e1000 0000:00:08.0 enp0s8: renamed from eth1
[    1.843131] mptbase: ioc0: Initiating bringup
[    1.856395] e1000 0000:00:03.0 enp0s3: renamed from eth0
[    2.089800] ioc0: LSI53C1030 A0: Capabilities={Initiator}
[    2.475446] scsi host2: ioc0: LSI53C1030 A0, FwRev=00000000h, Ports=1, MaxQ=256, IRQ=20
[    2.592699] scsi 2:0:0:0: Direct-Access     VBOX     HARDDISK         1.0  PQ: 0 ANSI: 5
[    2.594882] scsi target2:0:0: Beginning Domain Validation
[    2.597640] scsi target2:0:0: Domain Validation skipping write tests
[    2.598990] scsi target2:0:0: Ending Domain Validation
[    2.601202] scsi target2:0:0: asynchronous
[    2.604717] scsi 2:0:1:0: Direct-Access     VBOX     HARDDISK         1.0  PQ: 0 ANSI: 5
[    2.606938] scsi target2:0:1: Beginning Domain Validation
[    2.616497] scsi target2:0:1: Domain Validation skipping write tests
[    2.629910] scsi target2:0:1: Ending Domain Validation
[    2.631378] scsi target2:0:1: asynchronous
[    2.642006] sd 2:0:0:0: Attached scsi generic sg0 type 0
[    2.643344] sd 2:0:0:0: [sda] 20971520 512-byte logical blocks: (10.7 GB/10.0 GiB)
[    2.645467] sd 2:0:0:0: [sda] Write Protect is off
[    2.646784] sd 2:0:0:0: [sda] Incomplete mode parameter data
[    2.646818] sd 2:0:1:0: [sdb] 20480 512-byte logical blocks: (10.5 MB/10.0 MiB)
[    2.647086] sd 2:0:1:0: [sdb] Write Protect is off
[    2.647186] sd 2:0:1:0: [sdb] Incomplete mode parameter data
[    2.647188] sd 2:0:1:0: [sdb] Assuming drive cache: write through
[    2.652945] sd 2:0:1:0: Attached scsi generic sg1 type 0
[    2.678297] sd 2:0:0:0: [sda] Assuming drive cache: write through
[    2.705788]  sda: sda1
[    2.707925] sd 2:0:0:0: [sda] Attached SCSI disk
[    2.725960] sd 2:0:1:0: [sdb] Attached SCSI disk
Begin: Loading essential drivers ... [    4.325362] md: linear personality registered for level -1
[    4.335706] md: multipath personality registered for level -4
[    4.339622] md: raid0 personality registered for level 0
[    4.343934] md: raid1 personality registered for level 1
[    4.420134] raid6: sse2x1   gen()  3802 MB/s
[    4.488482] raid6: sse2x1   xor()  4360 MB/s
[    4.556857] raid6: sse2x2   gen()  6555 MB/s
[    4.624229] raid6: sse2x2   xor()  6737 MB/s
[    4.692124] raid6: sse2x4   gen()  7625 MB/s
[    4.760019] raid6: sse2x4   xor()  3502 MB/s
[    4.761078] raid6: using algorithm sse2x4 gen() 7625 MB/s
[    4.764360] raid6: .... xor() 3502 MB/s, rmw enabled
[    4.765634] raid6: using intx1 recovery algorithm
[    4.774215] xor: measuring software checksum speed
[    4.812228]    prefetch64-sse: 14314.000 MB/sec
[    4.852268]    generic_sse: 12224.000 MB/sec
[    4.853305] xor: using function: prefetch64-sse (14314.000 MB/sec)
[    4.856314] async_tx: api initialized (async)
[    4.866437] md: raid6 personality registered for level 6
[    4.867684] md: raid5 personality registered for level 5
[    4.868922] md: raid4 personality registered for level 4
[    4.875868] md: raid10 personality registered for level 10
done.
Begin: Running /scripts/init-premount ... done.
Begin: Mounting root file system ... Begin: Running /scripts/local-top ... done.
Begin: Running /scripts/local-premount ... [    4.919459] Btrfs loaded
Scanning for Btrfs filesystems
done.
Warning: fsck not present, so skipping root file system
[    5.113983] EXT4-fs (sda1): mounted filesystem with ordered data mode. Opts: (null)
done.
Begin: Running /scripts/local-bottom ... done.
Begin: Running /scripts/init-bottom ... done.
[    6.372857] random: nonblocking pool is initialized
[    6.443745] systemd[1]: systemd 229 running in system mode. (+PAM +AUDIT +SELINUX +IMA +APPARMOR +SMACK +SYSVINIT +UTMP +LIBCRYPTSETUP +GCRYPT +GNUTLS +ACL +XZ -LZ4 +SECCOMP +BLKID +ELFUTILS +KMOD -IDN)
[    6.448102] systemd[1]: Detected virtualization oracle.
[    6.449277] systemd[1]: Detected architecture x86-64.

Welcome to [1mUbuntu 16.04.5 LTS[0m!

[    6.536775] systemd[1]: Set hostname to <ubuntu>.
[    6.654657] systemd[1]: Initializing machine ID from random generator.
[    6.656193] systemd[1]: Installed transient /etc/machine-id file.
[    9.116745] systemd[1]: Created slice System Slice.
[[0;32m  OK  [0m] Created slice System Slice.
[    9.130279] systemd[1]: Created slice system-serial\x2dgetty.slice.
[[0;32m  OK  [0m] Created slice system-serial\x2dgetty.slice.
[    9.134271] systemd[1]: Reached target Encrypted Volumes.
[[0;32m  OK  [0m] Reached target Encrypted Volumes.
[    9.138055] systemd[1]: Listening on Journal Socket (/dev/log).
[[0;32m  OK  [0m] Listening on Journal Socket (/dev/log).
[    9.141786] systemd[1]: Reached target Swap.
[[0;32m  OK  [0m] Reached target Swap.
[    9.144023] systemd[1]: Reached target User and Group Name Lookups.
[[0;32m  OK  [0m] Reached target User and Group Name Lookups.
[    9.147381] systemd[1]: Listening on LVM2 poll daemon socket.
[[0;32m  OK  [0m] Listening on LVM2 poll daemon socket.
[    9.150346] systemd[1]: Listening on Syslog Socket.
[[0;32m  OK  [0m] Listening on Syslog Socket.
[    9.153130] systemd[1]: Started Trigger resolvconf update for networkd DNS.
[[0;32m  OK  [0m] Started Trigger resolvconf update for networkd DNS.
[    9.156387] systemd[1]: Listening on udev Kernel Socket.
[[0;32m  OK  [0m] Listening on udev Kernel Socket.
[    9.159390] systemd[1]: Set up automount Arbitrary Executable File Formats File System Automount Point.
[[0;32m  OK  [0m] Set up automount Arbitrary Executab...ats File System Automount Point.
[    9.163631] systemd[1]: Listening on udev Control Socket.
[[0;32m  OK  [0m] Listening on udev Control Socket.
[    9.166566] systemd[1]: Reached target System Time Synchronized.
[[0;32m  OK  [0m] Reached target System Time Synchronized.
[    9.169837] systemd[1]: Created slice User and Session Slice.
[[0;32m  OK  [0m] Created slice User and Session Slice.
[    9.172800] systemd[1]: Reached target Slices.
[[0;32m  OK  [0m] Reached target Slices.
[    9.175304] systemd[1]: Listening on /dev/initctl Compatibility Named Pipe.
[[0;32m  OK  [0m] Listening on /dev/initctl Compatibility Named Pipe.
[    9.178623] systemd[1]: Listening on Journal Socket.
[[0;32m  OK  [0m] Listening on Journal Socket.
[    9.196245] systemd[1]: Mounting Huge Pages File System...
         Mounting Huge Pages File System...
[    9.336420] systemd[1]: Starting Load Kernel Modules...
         Starting Load Kernel Modules...
[    9.339617] systemd[1]: Starting Nameserver information manager...
         Starting Nameserver information manager...
[    9.400369] systemd[1]: Starting Remount Root and Kernel File Systems...
         Starting Remount Root and Kernel File Systems...
[    9.410238] systemd[1]: Mounting Debug File System...
         Mounting Debug File System...
[    9.413634] systemd[1]: Starting Create list of required static device nodes for the current kernel...
         Starting Create list of required st... nodes for the current kernel...
[    9.418353] systemd[1]: Starting Uncomplicated firewall...
         Starting Uncomplicated firewall...
[    9.428687] systemd[1]: Mounting POSIX Message Queue File System...
         Mounting POSIX Message Queue File System...
[    9.431729] systemd[1]: Listening on Journal Audit Socket.
[[0;32m  OK  [0m] Listening on Journal Audit Socket.
[    9.436947] systemd[1]: Starting Journal Service...
         Starting Journal Service...
[    9.439353] systemd[1]: Listening on LVM2 metadata daemon socket.
[[0;32m  OK  [0m] Listening on LVM2 metadata daemon socket.
[    9.442961] systemd[1]: Starting Set console keymap...
         Starting Set console keymap...
[    9.450878] systemd[1]: Listening on Device-mapper event daemon FIFOs.
[[0;32m  OK  [0m] Listening on Device-mapper event daemon FIFOs.
[    9.454163] systemd[1]: Started Forward Password Requests to Wall Directory Watch.
[[0;32m  OK  [0m] Started Forward Password Requests to Wall Directory Watch.
[    9.458777] systemd[1]: Starting Monitoring of LVM2 mirrors, snapshots etc. using dmeventd or progress polling...
         Starting Monitoring of LVM2 mirrors... dmeventd or progress polling...
[    9.466452] systemd[1]: Mounted Huge Pages File System.
[[0;32m  OK  [0m] Mounted Huge Pages File System.
[    9.469332] systemd[1]: Mounted POSIX Message Queue File System.
[[0;32m  OK  [0m] Mounted POSIX Message Queue File System.
[    9.472100] systemd[1]: Mounted Debug File System.
[[0;32m  OK  [0m] Mounted Debug File System.
[    9.517606] EXT4-fs (sda1): re-mounted. Opts: (null)
[    9.519803] systemd[1]: Started Remount Root and Kernel File Systems.
[[0;32m  OK  [0m] Started Remount Root and Kernel File Systems.
[    9.536596] systemd[1]: Starting Load/Save Random Seed...
         Starting Load/Save Random Seed...
[    9.680666] systemd[1]: Starting udev Coldplug all Devices...
         Starting udev Coldplug all Devices...
[    9.684677] systemd[1]: Started Uncomplicated firewall.
[[0;32m  OK  [0m] Started Uncomplicated firewall.
[    9.688871] systemd[1]: Started Nameserver information manager.
[[0;32m  OK  [0m] Started Nameserver information manager.
[    9.705045] Loading iSCSI transport class v2.0-870.
[    9.711351] systemd[1]: Started Create list of required static device nodes for the current kernel.
[[0;32m  OK  [0m] Started Create list of required sta...ce nodes for the current kernel.
[    9.717233] systemd[1]: Starting Create Static Device Nodes in /dev...
         Starting Create Static Device Nodes in /dev...
[    9.771868] systemd[1]: Started Load/Save Random Seed.
[[0;32m  OK  [0m] Started Load/Save Random Seed.
[   10.017451] iscsi: registered transport (tcp)
[   10.193990] systemd[1]: Started udev Coldplug all Devices.
[[0;32m  OK  [0m] Started udev Coldplug all Devices.
[   10.309638] systemd[1]: Started Set console keymap.
[[0;32m  OK  [0m] Started Set console keymap.
[   10.407982] systemd[1]: Started Journal Service.
[[0;32m  OK  [0m] Started Journal Service.
         Starting Flush Journal to Persistent Storage...
[   10.642612] systemd-journald[371]: Received request to flush runtime journal from PID 1
[[0;32m  OK  [0m] Started Flush Journal to Persistent Storage.
[[0;32m  OK  [0m] Started LVM2 metadata daemon.
[   10.814554] iscsi: registered transport (iser)
[[0;32m  OK  [0m] Started Load Kernel Modules.
         Mounting FUSE Control File System...
         Starting Apply Kernel Variables...
[[0;32m  OK  [0m] Mounted FUSE Control File System.
[[0;32m  OK  [0m] Started Apply Kernel Variables.
[[0;32m  OK  [0m] Started Monitoring of LVM2 mirrors,...ng dmeventd or progress polling.
[[0;32m  OK  [0m] Started Create Static Device Nodes in /dev.
[[0;32m  OK  [0m] Reached target Local File Systems (Pre).
[[0;32m  OK  [0m] Reached target Local File Systems.
         Starting LSB: AppArmor initialization...
         Starting Create Volatile Files and Directories...
         Starting Initial cloud-init job (pre-networking)...
         Starting Set console font and keymap...
         Starting Tell Plymouth To Write Out Runtime Data...
         Starting Commit a transient machine-id on disk...
         Starting udev Kernel Device Manager...
[[0;32m  OK  [0m] Started Commit a transient machine-id on disk.
[[0;32m  OK  [0m] Started Create Volatile Files and Directories.
         Starting Update UTMP about System Boot/Shutdown...
[[0;32m  OK  [0m] Started Tell Plymouth To Write Out Runtime Data.
[[0;32m  OK  [0m] Started Update UTMP about System Boot/Shutdown.
[[0;32m  OK  [0m] Started Set console font and keymap.
[[0;32m  OK  [0m] Created slice system-getty.slice.
[[0;32m  OK  [0m] Started udev Kernel Device Manager.
[[0;32m  OK  [0m] Started Dispatch Password Requests to Console Directory Watch.
[[0;32m  OK  [0m] Found device /dev/ttyS0.
[[0;32m  OK  [0m] Listening on Load/Save RF Kill Switch Status /dev/rfkill Watch.
[[0;32m  OK  [0m] Started LSB: AppArmor initialization.
[   23.134678] cloud-init[447]: Cloud-init v. 18.4-0ubuntu1~16.04.2 running 'init-local' at Sun, 02 Dec 2018 15:41:46 +0000. Up 22.23 seconds.
[[0;32m  OK  [0m] Started Initial cloud-init job (pre-networking).
[[0;32m  OK  [0m] Reached target Network (Pre).
         Starting Raise network interfaces...
[[0;32m  OK  [0m] Started Raise network interfaces.
[[0;32m  OK  [0m] Reached target Network.
         Starting Initial cloud-init job (metadata service crawler)...
[   26.346531] cloud-init[923]: Cloud-init v. 18.4-0ubuntu1~16.04.2 running 'init' at Sun, 02 Dec 2018 15:41:48 +0000. Up 24.05 seconds.
[   26.349106] cloud-init[923]: ci-info: ++++++++++++++++++++++++++++++++++++++Net device info++++++++++++++++++++++++++++++++++++++
[   26.353967] cloud-init[923]: ci-info: +--------+-------+---------------------------+---------------+--------+-------------------+
[   26.356318] cloud-init[923]: ci-info: | Device |   Up  |          Address          |      Mask     | Scope  |     Hw-Address    |
[   26.358599] cloud-init[923]: ci-info: +--------+-------+---------------------------+---------------+--------+-------------------+
[   26.360918] cloud-init[923]: ci-info: | enp0s3 |  True |         10.0.2.15         | 255.255.255.0 | global | 02:98:04:f8:6e:63 |
[   26.376499] cloud-init[923]: ci-info: | enp0s3 |  True | fe80::98:4ff:fef8:6e63/64 |       .       |  link  | 02:98:04:f8:6e:63 |
[   26.378844] cloud-init[923]: ci-info: | enp0s8 | False |             .             |       .       |   .    | 08:00:27:2f:a4:5a |
[   26.381144] cloud-init[923]: ci-info: |   lo   |  True |         127.0.0.1         |   255.0.0.0   |  host  |         .         |
[   26.383532] cloud-init[923]: ci-info: |   lo   |  True |          ::1/128          |       .       |  host  |         .         |
[   26.386177] cloud-init[923]: ci-info: +--------+-------+---------------------------+---------------+--------+-------------------+
[   26.388498] cloud-init[923]: ci-info: +++++++++++++++++++++++++++Route IPv4 info++++++++++++++++++++++++++++
[   26.390543] cloud-init[923]: ci-info: +-------+-------------+----------+---------------+-----------+-------+
[   26.392611] cloud-init[923]: ci-info: | Route | Destination | Gateway  |    Genmask    | Interface | Flags |
[   26.394802] cloud-init[923]: ci-info: +-------+-------------+----------+---------------+-----------+-------+
[   26.396979] cloud-init[923]: ci-info: |   0   |   0.0.0.0   | 10.0.2.2 |    0.0.0.0    |   enp0s3  |   UG  |
[   26.399141] cloud-init[923]: ci-info: |   1   |   10.0.2.0  | 0.0.0.0  | 255.255.255.0 |   enp0s3  |   U   |
[   26.408105] cloud-init[923]: ci-info: +-------+-------------+----------+---------------+-----------+-------+
[   26.411719] cloud-init[923]: ci-info: +++++++++++++++++++Route IPv6 info+++++++++++++++++++
[   26.413744] cloud-init[923]: ci-info: +-------+-------------+---------+-----------+-------+
[   26.415624] cloud-init[923]: ci-info: | Route | Destination | Gateway | Interface | Flags |
[   26.420547] cloud-init[923]: ci-info: +-------+-------------+---------+-----------+-------+
[   26.422406] cloud-init[923]: ci-info: |   0   |  fe80::/64  |    ::   |   enp0s3  |   U   |
[   26.424286] cloud-init[923]: ci-info: |   3   |   ff00::/8  |    ::   |   enp0s3  |   U   |
[   26.426130] cloud-init[923]: ci-info: +-------+-------------+---------+-----------+-------+
[   26.427942] cloud-init[923]: Generating public/private rsa key pair.
[   26.429567] cloud-init[923]: Your identification has been saved in /etc/ssh/ssh_host_rsa_key.
[   26.432810] cloud-init[923]: Your public key has been saved in /etc/ssh/ssh_host_rsa_key.pub.
[   26.439009] cloud-init[923]: The key fingerprint is:
[   26.448603] cloud-init[923]: SHA256:HghvpaNf+waPuo48nBfKVuNbH9A291JExLk3VCvuD+M root@ubuntu-xenial
[   26.454624] cloud-init[923]: The key's randomart image is:
[   26.456204] cloud-init[923]: +---[RSA 2048]----+
[   26.457668] cloud-init[923]: |             oo.o|
[   26.459093] cloud-init[923]: |             .o..|
[   26.460507] cloud-init[923]: |    .   .    .oo |
[   26.462018] cloud-init[923]: |     o + .  ..o..|
[   26.463356] cloud-init[923]: |      * S + .....|
[   26.464673] cloud-init[923]: |     o+o.+ o.o   |
[   26.465972] cloud-init[923]: |   o.= o++. .+.  |
[   26.467414] cloud-init[923]: |   .Booo.oo...+  |
[   26.468719] cloud-init[923]: |   .o+*+.oo  E . |
[   26.470043] cloud-init[923]: +----[SHA256]-----+
[   26.471484] cloud-init[923]: Generating public/private dsa key pair.
[   26.473096] cloud-init[923]: Your identification has been saved in /etc/ssh/ssh_host_dsa_key.
[   26.475026] cloud-init[923]: Your public key has been saved in /etc/ssh/ssh_host_dsa_key.pub.
[   26.476905] cloud-init[923]: The key fingerprint is:
[   26.478310] cloud-init[923]: SHA256:S0ORbh2+sNn3H3oP4wgUgtQ4zOfx5WiCuSvRuK2I/N4 root@ubuntu-xenial
[   26.480128] cloud-init[923]: The key's randomart image is:
[   26.481643] cloud-init[923]: +---[DSA 1024]----+
[   26.482955] cloud-init[923]: |     o.o..       |
[   26.484691] cloud-init[923]: |     .=.=.. .    |
[   26.487521] cloud-init[923]: |      .Bo=.=     |
[   26.489018] cloud-init[923]: |      o.*.*..    |
[   26.502227] cloud-init[923]: |     o oSB..     |
[   26.502530] cloud-init[923]: |    o o.o+o .    |
[   26.503474] cloud-init[923]: |     + .. .. .o. |
[[0;32m  OK  [0m] Started Initial cloud-init job (metadata service crawler).
[   26.504265] cloud-init[923]: |.. .+ o    . oo+.|
[   26.518149] [[0;32m  OK  [0m] Reached target Network is Online.
cloud-init[923]: |..+o.E      ..o.+|
[   26.520541] cloud-init[923]: +----[SHA256]-----+
[   26.522174] cloud-init[923]: Generating public/private ecdsa key pair.
[   26.524058] cloud-init[923]: Your identification has been saved in /etc/ssh/ssh_host_ecdsa_key.
[   26.528109] cloud-init[923]: Your public key has been saved in /etc/ssh/ssh_host_ecdsa_key.pub.
[   26.530218] cloud-init[923]: The key fingerprint is:
[   26.531882]          Starting iSCSI initiator daemon (iscsid)...
[[0;32m  OK  [0m] Reached target Cloud-config availability.
[[0;32m  OK  [0m] Reached target System Initialization.
cloud-init[[923]: SHA256:mhV8nQGyWGNL2gA+oZScE43XWunnxGVKls0fcVxPf9o root@ubuntu-xenial[0;32m  OK  [0m] Started Daily apt download activities.
[[0;32m  OK  [0m] Listening on UUID daemon activation socket.
[[0;32m  OK  [0m] Listening on D-Bus System Message Bus Socket.
[[0;32m  OK  [0m] Started Daily apt upgrade and clean activities.

[   26.568654] cloud-init[923]: The key's randomart image is:
[   26.570695] cloud-init[923]: +---[ECDSA 256]---+
[   26.573670] cloud-init[923]: | .o*oo..*+..oo..o|
[   26.575856] cloud-init[923]: | .*oo.+X+==..+..o|
[   26.577918] cloud-init[923]: |  .oo+o+*+..o.  +|
[   26.579444] cloud-init[923]: |    ... =o  .  o.|
[   26.580954] cloud-init[923]: |       +S     . E|
[   26.582650] cloud-init[923]: |       +.        |
[   26.586988] cloud-init[923]: |      o          |
[   26.588532] cloud-init[923]: |                 |
[   26.590139] cloud-init[923]: |                 |
[   26.604612] [[0;32m  OK  [0m] Started ACPI Events Check.
[[0;32m  OK  [0m] Reached target Paths.
         Starting Socket activation for snappy daemon.
cloud-init[923]: +----[SHA256]-----+
[   26.608196] cloud-init[923]: Generating public/private ed25519 key pair.
[   26.610103] cloud-init[923]: Your identification has been saved in /etc/ssh/ssh_host_ed25519_key.
[   26.612204] cloud-init[923]: Your public key has been saved in /etc/ssh/ssh_host_ed25519_key.pub.
[   26.614371] cloud-init[923]: The key fingerprint is:
[   26.615933] cloud-init[923]: SHA256:fziRoccFvFZZmOnLWCdHqS+8SdtWHPTpLAnPCfDfvqU root@ubuntu-xenial
[   26.618102] cloud-init[923]: The key's randomart image is:
[   26.619778] cloud-init[923]: +--[ED25519 256]--+
[   26.621447]          Starting LXD - unix socket.
[[0;32m  OK  [0m] Listening on ACPID Listen Socket.
[[0;32m  OK  [0m] Started Daily Cleanup of Temporary Directories.
[[0;32m  OK  [0m] Reached target Timers.
cloud-init[923]: [[0;32m  OK  [0m] Listening on Socket activation for snappy daemon.
|         ..  *.. |
[   26.626775] cloud-init[923]: |         ...* o. |
[   26.628772] cloud-init[923]: |          ++.o. o|[[0;32m  OK  [0m] Listening on LXD - unix socket.
[[0;32m  OK  [0m] Reached target Sockets.
[[0;32m  OK  [0m] Reached target Basic System.

[   26.632424] cloud-init[923]: |         ooB= oo.|
[   26.634119] cloud-init[923]: |        S.==***..|
[   26.635651] cloud-init[923]: |         o.o*B.+o|
[   26.637450] cloud-init[923]: |          +..*o..|
[   26.639018] cloud-init[923]: |           o+ oo.|
[   26.640665] cloud-init[923]: |             .E..|
[   26.642300] cloud-init[923]: +----[SHA256]-----+
         Starting Virtualbox guest utils...
         Starting Accounts Service...
[[0;32m  OK  [0m] Started FUSE filesystem for LXC.
[[0;32m  OK  [0m] Started D-Bus System Message Bus.
         Starting LSB: MD monitoring daemon...
[[0;32m  OK  [0m] Started Regular background program processing daemon.
         Starting /etc/rc.local Compatibility...
         Starting System Logging Service...
         Starting LSB: Record successful boot for GRUB...
[[0;32m  OK  [0m] Started Deferred execution scheduler.
[[0;32m  OK  [0m] Started Unattended Upgrades Shutdown.
         Starting Login Service...
         Starting Pollinate to seed the pseudo random number generator...
         Starting Snappy daemon...
[[0;32m  OK  [0m] Started ACPI event daemon.
         Starting LXD - container startup/shutdown...
[[0;32m  OK  [0m] Started /etc/rc.local Compatibility.
[[0;32m  OK  [0m] Started Login Service.
[[0;32m  OK  [0m] Started iSCSI initiator daemon (iscsid).
         Starting Login to default iSCSI targets...
         Starting Authenticate and Authorize Users to Run Privileged Tasks...
[[0;32m  OK  [0m] Started LSB: Record successful boot for GRUB.
[[0;32m  OK  [0m] Started LSB: MD monitoring daemon.
[[0;32m  OK  [0m] Started Login to default iSCSI targets.
[[0;32m  OK  [0m] Reached target Remote File Systems (Pre).
[[0;32m  OK  [0m] Reached target Remote File Systems.
         Starting LSB: Set the CPU Frequency Scaling governor to "ondemand"...
         Starting LSB: daemon to balance interrupts for SMP systems...
         Starting LSB: automatic crash report generation...
         Starting Permit User Sessions...
[[0;32m  OK  [0m] Started LSB: Set the CPU Frequency Scaling governor to "ondemand".
[[0;32m  OK  [0m] Started System Logging Service.
[[0;32m  OK  [0m] Started Permit User Sessions.
         Starting Terminate Plymouth Boot Screen...
         Starting Hold until boot process finishes up...
[[0;32m  OK  [0m] Started Hold until boot process finishes up.
[[0;32m  OK  [0m] Started Terminate Plymouth Boot Screen.
[[0;32m  OK  [0m] Started Authenticate and Authorize Users to Run Privileged Tasks.
[[0;32m  OK  [0m] Started Accounts Service.
[[0;32m  OK  [0m] Started Getty on tty1.
         Starting Set console scheme...
[[0;32m  OK  [0m] Started Serial Getty on ttyS0.
[[0;32m  OK  [0m] Reached target Login Prompts.
[[0;32m  OK  [0m] Started LSB: automatic crash report generation.
[[0;32m  OK  [0m] Started Set console scheme.
[[0;32m  OK  [0m] Started LSB: daemon to balance interrupts for SMP systems.
[[0;32m  OK  [0m] Started Virtualbox guest utils.
[[0;32m  OK  [0m] Started LXD - container startup/shutdown.
[[0;32m  OK  [0m] Started Snappy daemon.
         Starting Wait until snapd is fully seeded...
[[0;32m  OK  [0m] Started Pollinate to seed the pseudo random number generator.
         Starting OpenBSD Secure Shell server...
[[0;32m  OK  [0m] Started OpenBSD Secure Shell server.
[[0;32m  OK  [0m] Created slice User Slice of vagrant.
         Starting User Manager for UID 1000...
[[0;32m  OK  [0m] Started Session 1 of user vagrant.
[[0;32m  OK  [0m] Started User Manager for UID 1000.

Ubuntu 16.04.5 LTS ubuntu-xenial ttyS0

ubuntu-xenial login: [   37.239661] cloud-init[1344]: Generating locales (this might take a while)...
[   39.214740] cloud-init[1344]:   en_US.UTF-8... done
[   39.215440] cloud-init[1344]: Generation complete.
[   42.097072] cloud-init[1344]: Cloud-init v. 18.4-0ubuntu1~16.04.2 running 'modules:config' at Sun, 02 Dec 2018 15:42:01 +0000. Up 36.59 seconds.
ci-info: no authorized ssh keys fingerprints found for user ubuntu.
<14>Dec  2 15:42:07 ec2: 
<14>Dec  2 15:42:07 ec2: #############################################################
<14>Dec  2 15:42:07 ec2: -----BEGIN SSH HOST KEY FINGERPRINTS-----
<14>Dec  2 15:42:07 ec2: 1024 SHA256:S0ORbh2+sNn3H3oP4wgUgtQ4zOfx5WiCuSvRuK2I/N4 root@ubuntu-xenial (DSA)
<14>Dec  2 15:42:07 ec2: 256 SHA256:mhV8nQGyWGNL2gA+oZScE43XWunnxGVKls0fcVxPf9o root@ubuntu-xenial (ECDSA)
<14>Dec  2 15:42:07 ec2: 256 SHA256:fziRoccFvFZZmOnLWCdHqS+8SdtWHPTpLAnPCfDfvqU root@ubuntu-xenial (ED25519)
<14>Dec  2 15:42:07 ec2: 2048 SHA256:HghvpaNf+waPuo48nBfKVuNbH9A291JExLk3VCvuD+M root@ubuntu-xenial (RSA)
<14>Dec  2 15:42:07 ec2: -----END SSH HOST KEY FINGERPRINTS-----
<14>Dec  2 15:42:07 ec2: #############################################################
-----BEGIN SSH HOST KEY KEYS-----
ecdsa-sha2-nistp256 AAAAE2VjZHNhLXNoYTItbmlzdHAyNTYAAAAIbmlzdHAyNTYAAABBBGZsBUozHhh0ngul6EcmubCZg/TBXR/3zU1py91CLPmI9bF7CSCM09F50xkC7VZqdFXAkVKc6Xycv6BWBZ4i7hI= root@ubuntu-xenial
ssh-ed25519 AAAAC3NzaC1lZDI1NTE5AAAAIJCGTp6mG5oIJdNBGbm5i7Hgy01dzrvR8qCY7zeQ2oc2 root@ubuntu-xenial
ssh-rsa AAAAB3NzaC1yc2EAAAADAQABAAABAQDmRf/HBnQP51/2FCZepBEhwYgp3JcW7v5DAKGq8cPo+JmE4EM9YVcShuySnNxPN9o/91TKOodgWzk0bq1vGmyKUY0ylTbMFFl1Wg6orxVySCEvP16shvYRuZO+cqeyxPdX9g0iUMERIvm5lfzfm+mtqh5JahNFy54YRl1yrCDzWe0LZZxNHNPuZzIQquxhJGFAvA6CTkTOWnec9mUiDN+9obZ6L4nkddV9MfDRvxXPrtDKWKYadKZ0/NSmtVlYHaCvtz+1pjuZ1Zt/2eEiY5q0NqwdUBSNLeV9r+Wq43hwnI/Q4A596NTAh2ZZBv0O146ZYmEtHGM0LjGEWudMuJ3v root@ubuntu-xenial
-----END SSH HOST KEY KEYS-----
[   42.834829] cloud-init[1708]: Cloud-init v. 18.4-0ubuntu1~16.04.2 running 'modules:final' at Sun, 02 Dec 2018 15:42:07 +0000. Up 42.59 seconds.
[   42.835056] cloud-init[1708]: ci-info: no authorized ssh keys fingerprints found for user ubuntu.
[   42.835196] cloud-init[1708]: Cloud-init v. 18.4-0ubuntu1~16.04.2 finished at Sun, 02 Dec 2018 15:42:07 +0000. Datasource DataSourceNoCloud [seed=/dev/sdb][dsmode=net].  Up 42.82 seconds
